// Jest Snapshot v1, https://goo.gl/fbAQLP

exports[`Home has expected content with deep render 1`] = `
<div
  className="dyna-date-picker dyna-date-picker-mode-EDIT dyna-date-picker-style-INLINE_ROUNDED dyna-date-picker-size-MEDIUM"
>
  <DynaFieldWrapper
    className={null}
    color="ORANGE_WHITE"
    footer={
      <DynaPickerContainer
        color="WHITE_ORANGE"
        pointerPosition="MIDDLE"
        responsive={true}
        show={false}
        style="INLINE_ROUNDED"
      >
        <div
          className="ddp-picker-container"
        >
          <div
            className="ddp--calendar--label"
          >
            <h2 />
          </div>
          <DynaMonthCalendar
            color="GREY_GREEN"
            end={null}
            hoverOn={null}
            hoverStart={null}
            max={null}
            min={null}
            mode="EDIT"
            name="Departure date"
            onChange={[Function]}
            onHover={[Function]}
            onViewportChange={[Function]}
            renderPickerDay={[Function]}
            renderPickerMonthYear={[Function]}
            renderPickerWeekDay={[Function]}
            staringFromWeekDay={1}
            start={null}
            value={null}
            values={Array []}
          />
          <div
            className="ddp--calendar--button-bar"
          >
            <div>
              <DynaButton
                className=""
                color="ORANGE_WHITE"
                disabled={false}
                ghost={false}
                href={null}
                onClick={[Function]}
                size="LARGE"
                style="ROUNDED"
                target="_blank"
              >
                <span>
                  <i
                    aria-hidden="true"
                    className="fa fa-calendar"
                  />
                   Today
                </span>
              </DynaButton>
            </div>
            <div>
              <DynaButton
                className=""
                color="ORANGE_WHITE"
                disabled={false}
                ghost={false}
                href={null}
                onClick={[Function]}
                size="LARGE"
                style="ROUNDED"
                target="_blank"
              >
                <span>
                  <i
                    aria-hidden="true"
                    className="fa fa-check"
                  />
                   Ok
                </span>
              </DynaButton>
            </div>
          </div>
        </div>
      </DynaPickerContainer>
    }
    inputElementSelector=".ddp-input-control"
    isLoading={null}
    label={null}
    mode="EDIT"
    onClick={[Function]}
    onFocus={[Function]}
    onOutsideClick={[Function]}
    required={null}
    size="MEDIUM"
    style="INLINE_ROUNDED"
    validationMessage={null}
  >
    <input
      className="ddp-input-control"
      onClick={[Function]}
      onFocus={[Function]}
      onKeyDown={[Function]}
      readOnly={true}
      value=""
    />
  </DynaFieldWrapper>
</div>
`;
